D:/embedded/Command_line_parser/stm32f7xx_driver/stm32f7xx_driver/driver/driver_src/stm32f7xx_uart_driver.c:12:8:USART_init	32	static
D:/embedded/Command_line_parser/stm32f7xx_driver/stm32f7xx_driver/driver/driver_src/stm32f7xx_uart_driver.c:111:8:USART_Control	16	static
D:/embedded/Command_line_parser/stm32f7xx_driver/stm32f7xx_driver/driver/driver_src/stm32f7xx_uart_driver.c:120:8:USART_clK_init	24	static
D:/embedded/Command_line_parser/stm32f7xx_driver/stm32f7xx_driver/driver/driver_src/stm32f7xx_uart_driver.c:136:9:USART_GetFlagStatus	24	static
D:/embedded/Command_line_parser/stm32f7xx_driver/stm32f7xx_driver/driver/driver_src/stm32f7xx_uart_driver.c:145:6:USART_CLearFlag	16	static
D:/embedded/Command_line_parser/stm32f7xx_driver/stm32f7xx_driver/driver/driver_src/stm32f7xx_uart_driver.c:149:6:USART_SendData	40	static
D:/embedded/Command_line_parser/stm32f7xx_driver/stm32f7xx_driver/driver/driver_src/stm32f7xx_uart_driver.c:178:6:USART_SetBaudRate	32	static
D:/embedded/Command_line_parser/stm32f7xx_driver/stm32f7xx_driver/driver/driver_src/stm32f7xx_uart_driver.c:203:6:USART_ReadData	48	static
D:/embedded/Command_line_parser/stm32f7xx_driver/stm32f7xx_driver/driver/driver_src/stm32f7xx_uart_driver.c:238:6:USART_SendData_IT	24	static
D:/embedded/Command_line_parser/stm32f7xx_driver/stm32f7xx_driver/driver/driver_src/stm32f7xx_uart_driver.c:256:6:USART_ReadData_IT	24	static
D:/embedded/Command_line_parser/stm32f7xx_driver/stm32f7xx_driver/driver/driver_src/stm32f7xx_uart_driver.c:268:6:USART_IRQHandler	40	static
